COMMENT // invalid character
scan error: ' is not a valid token
