COMMENT // unmatched comment throws error 
DIVIDE /
MULTIPLY *
IDENTIFIER This
IDENTIFIER is
IDENTIFIER a
IDENTIFIER comment
scan error: . is not a valid token
