COMMENT //test some boolean types
IDENTIFIER bool
COLON :
BOOLEAN boolean
EQUALS =
TRUE true
SEMICOLON ;
IDENTIFIER bool
COLON :
BOOLEAN boolean
EQUALS =
FALSE false
SEMICOLON ;
IDENTIFIER bool
EQUALS =
INTEGER_LITERAL 5
GT >
INTEGER_LITERAL 4
SEMICOLON ;
