COMMENT // test comparotors and boolean logic
IF if
OPEN_PAREN (
IDENTIFIER a
GE >=
INTEGER_LITERAL 5
CLOSE_PAREN )
OPEN_CURLY {
PRINT print
STRING_LITERAL a >= 5
SEMICOLON ;
CLOSE_CURLY }
IF if
OPEN_PAREN (
IDENTIFIER a
GT >
INTEGER_LITERAL 5
CLOSE_PAREN )
OPEN_CURLY {
PRINT print
STRING_LITERAL a > 5
SEMICOLON ;
CLOSE_CURLY }
IF if
OPEN_PAREN (
IDENTIFIER a
LE <=
INTEGER_LITERAL 5
CLOSE_PAREN )
OPEN_CURLY {
PRINT print
STRING_LITERAL a <= 5
SEMICOLON ;
CLOSE_CURLY }
IF if
OPEN_PAREN (
IDENTIFIER a
LT <
INTEGER_LITERAL 5
CLOSE_PAREN )
OPEN_CURLY {
PRINT print
STRING_LITERAL a < 5
SEMICOLON ;
CLOSE_CURLY }
IF if
OPEN_PAREN (
IDENTIFIER a
EE ==
INTEGER_LITERAL 5
CLOSE_PAREN )
OPEN_CURLY {
PRINT print
STRING_LITERAL a == 5
SEMICOLON ;
CLOSE_CURLY }
IF if
OPEN_PAREN (
IDENTIFIER a
NE !=
INTEGER_LITERAL 5
CLOSE_PAREN )
OPEN_CURLY {
PRINT print
STRING_LITERAL a != 5
SEMICOLON ;
CLOSE_CURLY }
IDENTIFIER a
EQUALS =
INTEGER_LITERAL 5
SEMICOLON ;
COMMENT // test assigment
IF if
OPEN_PAREN (
IDENTIFIER a
OR ||
IDENTIFIER b
CLOSE_PAREN )
OPEN_CURLY {
PRINT print
STRING_LITERAL  a || b is true
SEMICOLON ;
CLOSE_CURLY }
IF if
OPEN_PAREN (
IDENTIFIER a
AND &&
IDENTIFIER b
CLOSE_PAREN )
OPEN_CURLY {
PRINT print
STRING_LITERAL  a && b is true
SEMICOLON ;
CLOSE_CURLY }
