COMMENT // some more complicated corner cases
IDENTIFIER z
EQUALS =
MINUS -
OPEN_PAREN (
INTEGER_LITERAL 5
MULTIPLY *
INTEGER_LITERAL 4
CLOSE_PAREN )
SEMICOLON ;
IDENTIFIER z
EQUALS =
INTEGER_LITERAL 15
PLUS +
INTEGER_LITERAL 5
MINUS -
INTEGER_LITERAL 4
MULTIPLY *
INTEGER_LITERAL 3
DIVIDE /
INTEGER_LITERAL 7
SEMICOLON ;
IDENTIFIER z
EQUALS =
IDENTIFIER x
PLUS +
OPEN_PAREN (
IDENTIFIER y
MULTIPLY *
INTEGER_LITERAL 5
MINUS -
OPEN_PAREN (
INTEGER_LITERAL 4
PLUS +
INTEGER_LITERAL 20
DIVIDE /
IDENTIFIER v
CLOSE_PAREN )
MINUS -
INTEGER_LITERAL 15
CLOSE_PAREN )
REMAINDER %
INTEGER_LITERAL 6
PLUS +
IDENTIFIER z
SEMICOLON ;
COMMENT //long integer expr
IDENTIFIER z
INCREMENT ++
PLUS +
SEMICOLON ;
COMMENT // these will cause parsing errors
IDENTIFIER w
DECREMENT --
MINUS -
SEMICOLON ;
