COMMENT // basic data types
IDENTIFIER number
COLON :
INTEGER integer
SEMICOLON ;
IDENTIFIER number
EQUALS =
INTEGER_LITERAL 56
SEMICOLON ;
IDENTIFIER number
EQUALS =
INTEGER_LITERAL -56
SEMICOLON ;
IDENTIFIER number
EQUALS =
INTEGER_LITERAL +56
SEMICOLON ;
IDENTIFIER number
EQUALS =
INTEGER_LITERAL 0005006
SEMICOLON ;
IDENTIFIER number
EQUALS =
INTEGER_LITERAL +0005006
SEMICOLON ;
IDENTIFIER number
EQUALS =
INTEGER_LITERAL -000050006
SEMICOLON ;
