COMMENT //test some odd identifier names
IDENTIFIER ident55
IDENTIFIER ident55_
IDENTIFIER ident__55__
IDENTIFIER thisIsAReallyReallyLongIdentifierNameThatHasTonsOfLettersInIt
EQUALS =
INTEGER_LITERAL 7
IDENTIFIER variable_names_may_contain_underscores_
IDENTIFIER _variables_can_start_with_an_underscore_67
INTEGER_LITERAL 7
IDENTIFIER minus5
